NodeName: Entry[13] Successors: [VarAccess[28]]
NodeName: VarAccess[28] Successors: [ConstCase[31]]
NodeName: ConstCase[31] Successors: [IntegerLiteral[41], ConstCase[42]]
NodeName: IntegerLiteral[41] Successors: [VariableDeclarator[38]]
NodeName: VariableDeclarator[38] Successors: [IntegerLiteral[52]]
NodeName: IntegerLiteral[52] Successors: [VariableDeclarator[49]]
NodeName: VariableDeclarator[49] Successors: [TypeAccess[58]]
NodeName: TypeAccess[58] Successors: [VarAccess[59]]
NodeName: VarAccess[59] Successors: [VarAccess[64]]
NodeName: VarAccess[64] Successors: [VarAccess[65]]
NodeName: VarAccess[65] Successors: [AddExpr[63]]
NodeName: AddExpr[63] Successors: [MethodAccess[60]]
NodeName: MethodAccess[60] Successors: [Exit[25]]
NodeName: Exit[25] Successors: []
NodeName: ConstCase[42] Successors: [IntegerLiteral[52], ConstCase[53]]
NodeName: ConstCase[53] Successors: [TypeAccess[58], Exit[25]]

NodeName: Exit[25] Predecessor: [ConstCase[53], MethodAccess[60]]
NodeName: ConstCase[53] Predecessor: [ConstCase[42]]
NodeName: ConstCase[42] Predecessor: [ConstCase[31]]
NodeName: ConstCase[31] Predecessor: [VarAccess[28]]
NodeName: VarAccess[28] Predecessor: [Entry[13]]
NodeName: Entry[13] Predecessor: []
NodeName: MethodAccess[60] Predecessor: [AddExpr[63]]
NodeName: AddExpr[63] Predecessor: [VarAccess[65]]
NodeName: VarAccess[65] Predecessor: [VarAccess[64]]
NodeName: VarAccess[64] Predecessor: [VarAccess[59]]
NodeName: VarAccess[59] Predecessor: [TypeAccess[58]]
NodeName: TypeAccess[58] Predecessor: [VariableDeclarator[49], ConstCase[53]]
NodeName: VariableDeclarator[49] Predecessor: [IntegerLiteral[52]]
NodeName: IntegerLiteral[52] Predecessor: [VariableDeclarator[38], ConstCase[42]]
NodeName: VariableDeclarator[38] Predecessor: [IntegerLiteral[41]]
NodeName: IntegerLiteral[41] Predecessor: [ConstCase[31]]
